﻿­ƒº¬ pytest configured for mapsprovefiber
­ƒôü Settings module: settings.test
============================= test session starts ==============================
platform linux -- Python 3.12.12, pytest-8.3.3, pluggy-1.6.0 -- /usr/local/bin/python3.12
cachedir: .pytest_cache
django: version: 5.2.7, settings: settings.test (from env)
rootdir: /app
configfile: pytest.ini
plugins: django-4.9.0
collecting ... collected 35 items

tests/test_metrics.py::TestMetricsInitialization::test_init_metrics_sets_application_info PASSED [  2%]
tests/test_metrics.py::TestMetricsInitialization::test_init_metrics_initializes_queue_gauges PASSED [  5%]
tests/test_metrics.py::TestZabbixMetrics::test_record_zabbix_call_success FAILED [  8%]
tests/test_metrics.py::TestZabbixMetrics::test_record_zabbix_call_failure FAILED [ 11%]
tests/test_metrics.py::TestCacheMetrics::test_record_cache_get_hit FAILED [ 14%]
tests/test_metrics.py::TestCacheMetrics::test_record_cache_get_miss FAILED [ 17%]
tests/test_metrics.py::TestCacheMetrics::test_record_cache_set_success FAILED [ 20%]
tests/test_metrics.py::TestDatabaseMetrics::test_record_db_query_fast PASSED [ 22%]
tests/test_metrics.py::TestDatabaseMetrics::test_record_db_query_slow PASSED [ 25%]
tests/test_metrics.py::TestCeleryMetrics::test_update_celery_queue_metrics FAILED [ 28%]
tests/test_metrics.py::TestCeleryMetrics::test_update_multiple_queues FAILED [ 31%]
tests/test_metrics.py::TestMetricLabels::test_zabbix_call_without_error_type FAILED [ 34%]
tests/test_metrics.py::TestMetricLabels::test_zabbix_call_with_none_error_type FAILED [ 37%]
tests/test_metrics.py::TestMetricIntegration::test_metrics_are_prometheus_objects PASSED [ 40%]
tests/test_metrics.py::TestMetricIntegration::test_histogram_buckets_configured PASSED [ 42%]
tests/test_metrics.py::TestMetricIntegration::test_metrics_have_correct_labels FAILED [ 45%]
tests/test_metrics.py::TestMetricsWithDjango::test_init_metrics_with_real_settings PASSED [ 48%]
tests/test_metrics.py::TestMetricsWithDjango::test_init_metrics_with_missing_settings PASSED [ 51%]
tests/test_middleware.py::TestRequestIDGeneration::test_generates_uuid_when_no_header PASSED [ 54%]
tests/test_middleware.py::TestRequestIDGeneration::test_uses_client_request_id_header PASSED [ 57%]
tests/test_middleware.py::TestRequestIDGeneration::test_different_requests_get_different_ids PASSED [ 60%]
tests/test_middleware.py::TestContextBinding::test_binds_request_id_to_context FAILED [ 62%]
tests/test_middleware.py::TestContextBinding::test_clears_context_after_response FAILED [ 65%]
tests/test_middleware.py::TestResponseHeaders::test_adds_request_id_to_response PASSED [ 68%]
tests/test_middleware.py::TestResponseHeaders::test_handles_request_without_id PASSED [ 71%]
tests/test_middleware.py::TestClientIPExtraction::test_extracts_ip_from_x_forwarded_for PASSED [ 74%]
tests/test_middleware.py::TestClientIPExtraction::test_extracts_ip_from_remote_addr PASSED [ 77%]
tests/test_middleware.py::TestClientIPExtraction::test_handles_missing_ip FAILED [ 80%]
tests/test_middleware.py::TestClientIPExtraction::test_strips_whitespace_from_forwarded_ip PASSED [ 82%]
tests/test_middleware.py::TestExceptionHandling::test_logs_exception_with_context FAILED [ 85%]
tests/test_middleware.py::TestExceptionHandling::test_handles_exception_without_request_id FAILED [ 88%]
tests/test_middleware.py::TestMiddlewareIntegration::test_middleware_in_request_cycle PASSED [ 91%]
tests/test_middleware.py::TestUUIDFormat::test_generated_id_is_valid_uuid PASSED [ 94%]
tests/test_middleware.py::TestUUIDFormat::test_preserves_custom_uuid_format PASSED [ 97%]
tests/test_middleware.py::TestConcurrency::test_context_isolation_between_requests PASSED [100%]

=================================== FAILURES ===================================
______________ TestZabbixMetrics.test_record_zabbix_call_success _______________
tests/test_metrics.py:71: in test_record_zabbix_call_success
    mock_calls_total.labels.assert_called_with(
/usr/local/lib/python3.12/unittest/mock.py:949: in assert_called_with
    raise AssertionError(_error_message()) from cause
E   AssertionError: expected call not found.
E   Expected: labels(endpoint='host.get', success=True, error_type='none')
E     Actual: labels(endpoint='host.get', status='success', error_type='none')
______________ TestZabbixMetrics.test_record_zabbix_call_failure _______________
tests/test_metrics.py:84: in test_record_zabbix_call_failure
    mock_latency.labels.assert_called_with(
/usr/local/lib/python3.12/unittest/mock.py:949: in assert_called_with
    raise AssertionError(_error_message()) from cause
E   AssertionError: expected call not found.
E   Expected: labels(endpoint='host.get', status='failure')
E     Actual: labels(endpoint='host.get', status='error')
__________________ TestCacheMetrics.test_record_cache_get_hit __________________
tests/test_metrics.py:103: in test_record_cache_get_hit
    mock_operations.labels.assert_called_with(
/usr/local/lib/python3.12/unittest/mock.py:949: in assert_called_with
    raise AssertionError(_error_message()) from cause
E   AssertionError: expected call not found.
E   Expected: labels(cache_name='default', operation='get', hit='true')
E     Actual: labels(cache_name='default', operation='get', result='hit')
_________________ TestCacheMetrics.test_record_cache_get_miss __________________
tests/test_metrics.py:113: in test_record_cache_get_miss
    mock_operations.labels.assert_called_with(
/usr/local/lib/python3.12/unittest/mock.py:949: in assert_called_with
    raise AssertionError(_error_message()) from cause
E   AssertionError: expected call not found.
E   Expected: labels(cache_name='default', operation='get', hit='false')
E     Actual: labels(cache_name='default', operation='get', result='miss')
________________ TestCacheMetrics.test_record_cache_set_success ________________
tests/test_metrics.py:123: in test_record_cache_set_success
    mock_operations.labels.assert_called_with(
/usr/local/lib/python3.12/unittest/mock.py:949: in assert_called_with
    raise AssertionError(_error_message()) from cause
E   AssertionError: expected call not found.
E   Expected: labels(cache_name='default', operation='set', hit='na')
E     Actual: labels(cache_name='default', operation='set', result='error')
______________ TestCeleryMetrics.test_update_celery_queue_metrics ______________
tests/test_metrics.py:162: in test_update_celery_queue_metrics
    update_celery_queue_metrics(queues)
E   TypeError: update_celery_queue_metrics() missing 1 required positional argument: 'depth'
________________ TestCeleryMetrics.test_update_multiple_queues _________________
tests/test_metrics.py:176: in test_update_multiple_queues
    update_celery_queue_metrics(queues)
E   TypeError: update_celery_queue_metrics() missing 1 required positional argument: 'depth'
_____________ TestMetricLabels.test_zabbix_call_without_error_type _____________
tests/test_metrics.py:189: in test_zabbix_call_without_error_type
    mock_calls_total.labels.assert_called_with(
/usr/local/lib/python3.12/unittest/mock.py:949: in assert_called_with
    raise AssertionError(_error_message()) from cause
E   AssertionError: expected call not found.
E   Expected: labels(endpoint='item.get', success=True, error_type='none')
E     Actual: labels(endpoint='item.get', status='success', error_type='none')
____________ TestMetricLabels.test_zabbix_call_with_none_error_type ____________
tests/test_metrics.py:198: in test_zabbix_call_with_none_error_type
    mock_calls_total.labels.assert_called_with(
/usr/local/lib/python3.12/unittest/mock.py:949: in assert_called_with
    raise AssertionError(_error_message()) from cause
E   AssertionError: expected call not found.
E   Expected: labels(endpoint='host.get', success=True, error_type='none')
E     Actual: labels(endpoint='host.get', status='success', error_type='none')
____________ TestMetricIntegration.test_metrics_have_correct_labels ____________
tests/test_metrics.py:237: in test_metrics_have_correct_labels
    assert cache_operations_total._labelnames == (
E   AssertionError: assert ('cache_name', 'operation', 'result') == ('cache_name', 'operation', 'hit')
E     
E     At index 2 diff: 'result' != 'hit'
E     
E     Full diff:
E       (
E           'cache_name',
E           'operation',
E     -     'hit',
E     +     'result',
E       )
_____________ TestContextBinding.test_binds_request_id_to_context ______________
tests/test_middleware.py:81: in test_binds_request_id_to_context
    assert call_kwargs['method'] == 'GET'
E   KeyError: 'method'
____________ TestContextBinding.test_clears_context_after_response _____________
tests/test_middleware.py:94: in test_clears_context_after_response
    middleware.process_response(request, response)
core/middleware/request_id.py:68: in process_response
    response['X-Request-ID'] = request.request_id
E   TypeError: 'Mock' object does not support item assignment
________________ TestClientIPExtraction.test_handles_missing_ip ________________
tests/test_middleware.py:163: in test_handles_missing_ip
    assert client_ip == 'unknown'
E   AssertionError: assert '127.0.0.1' == 'unknown'
E     
E     - unknown
E     + 127.0.0.1
____________ TestExceptionHandling.test_logs_exception_with_context ____________
tests/test_middleware.py:195: in test_logs_exception_with_context
    assert call_args['path'] == '/test/'
E   KeyError: 'path'
_______ TestExceptionHandling.test_handles_exception_without_request_id ________
tests/test_middleware.py:211: in test_handles_exception_without_request_id
    mock_error.assert_called_once()
/usr/local/lib/python3.12/unittest/mock.py:928: in assert_called_once
    raise AssertionError(msg)
E   AssertionError: Expected 'error' to have been called once. Called 0 times.
============================= slowest 10 durations =============================
1.13s setup    tests/test_metrics.py::TestMetricsInitialization::test_init_metrics_sets_application_info
0.05s teardown tests/test_middleware.py::TestConcurrency::test_context_isolation_between_requests
0.00s setup    tests/test_middleware.py::TestResponseHeaders::test_handles_request_without_id
0.00s teardown tests/test_metrics.py::TestZabbixMetrics::test_record_zabbix_call_success
0.00s call     tests/test_metrics.py::TestZabbixMetrics::test_record_zabbix_call_failure
0.00s call     tests/test_metrics.py::TestZabbixMetrics::test_record_zabbix_call_success
0.00s call     tests/test_metrics.py::TestMetricsInitialization::test_init_metrics_sets_application_info
0.00s setup    tests/test_metrics.py::TestZabbixMetrics::test_record_zabbix_call_failure
0.00s teardown tests/test_metrics.py::TestMetricLabels::test_zabbix_call_with_none_error_type
0.00s teardown tests/test_middleware.py::TestContextBinding::test_binds_request_id_to_context
=========================== short test summary info ============================
FAILED tests/test_metrics.py::TestZabbixMetrics::test_record_zabbix_call_success - AssertionError: expected call not found.
Expected: labels(endpoint='host.get', success=True, error_type='none')
  Actual: labels(endpoint='host.get', status='success', error_type='none')
FAILED tests/test_metrics.py::TestZabbixMetrics::test_record_zabbix_call_failure - AssertionError: expected call not found.
Expected: labels(endpoint='host.get', status='failure')
  Actual: labels(endpoint='host.get', status='error')
FAILED tests/test_metrics.py::TestCacheMetrics::test_record_cache_get_hit - AssertionError: expected call not found.
Expected: labels(cache_name='default', operation='get', hit='true')
  Actual: labels(cache_name='default', operation='get', result='hit')
FAILED tests/test_metrics.py::TestCacheMetrics::test_record_cache_get_miss - AssertionError: expected call not found.
Expected: labels(cache_name='default', operation='get', hit='false')
  Actual: labels(cache_name='default', operation='get', result='miss')
FAILED tests/test_metrics.py::TestCacheMetrics::test_record_cache_set_success - AssertionError: expected call not found.
Expected: labels(cache_name='default', operation='set', hit='na')
  Actual: labels(cache_name='default', operation='set', result='error')
FAILED tests/test_metrics.py::TestCeleryMetrics::test_update_celery_queue_metrics - TypeError: update_celery_queue_metrics() missing 1 required positional argument: 'depth'
FAILED tests/test_metrics.py::TestCeleryMetrics::test_update_multiple_queues - TypeError: update_celery_queue_metrics() missing 1 required positional argument: 'depth'
FAILED tests/test_metrics.py::TestMetricLabels::test_zabbix_call_without_error_type - AssertionError: expected call not found.
Expected: labels(endpoint='item.get', success=True, error_type='none')
  Actual: labels(endpoint='item.get', status='success', error_type='none')
FAILED tests/test_metrics.py::TestMetricLabels::test_zabbix_call_with_none_error_type - AssertionError: expected call not found.
Expected: labels(endpoint='host.get', success=True, error_type='none')
  Actual: labels(endpoint='host.get', status='success', error_type='none')
FAILED tests/test_metrics.py::TestMetricIntegration::test_metrics_have_correct_labels - AssertionError: assert ('cache_name', 'operation', 'result') == ('cache_name', 'operation', 'hit')
  
  At index 2 diff: 'result' != 'hit'
  
  Full diff:
    (
        'cache_name',
        'operation',
  -     'hit',
  +     'result',
    )
FAILED tests/test_middleware.py::TestContextBinding::test_binds_request_id_to_context - KeyError: 'method'
FAILED tests/test_middleware.py::TestContextBinding::test_clears_context_after_response - TypeError: 'Mock' object does not support item assignment
FAILED tests/test_middleware.py::TestClientIPExtraction::test_handles_missing_ip - AssertionError: assert '127.0.0.1' == 'unknown'
  
  - unknown
  + 127.0.0.1
FAILED tests/test_middleware.py::TestExceptionHandling::test_logs_exception_with_context - KeyError: 'path'
FAILED tests/test_middleware.py::TestExceptionHandling::test_handles_exception_without_request_id - AssertionError: Expected 'error' to have been called once. Called 0 times.
======================== 15 failed, 20 passed in 2.14s =========================
